
main.elf:     file format elf32-avr

Sections:
Idx Name          Size      VMA       LMA       File off  Algn
  0 .data         0000005c  00800100  00000710  000007a4  2**0
                  CONTENTS, ALLOC, LOAD, DATA
  1 .text         00000710  00000000  00000000  00000094  2**1
                  CONTENTS, ALLOC, LOAD, READONLY, CODE
  2 .bss          00000013  0080015c  0080015c  00000800  2**0
                  ALLOC
  3 .stab         00001e0c  00000000  00000000  00000800  2**2
                  CONTENTS, READONLY, DEBUGGING
  4 .stabstr      00001235  00000000  00000000  0000260c  2**0
                  CONTENTS, READONLY, DEBUGGING
  5 .comment      00000011  00000000  00000000  00003841  2**0
                  CONTENTS, READONLY
  6 .note.gnu.avr.deviceinfo 0000003c  00000000  00000000  00003854  2**2
                  CONTENTS, READONLY
  7 .debug_info   00000780  00000000  00000000  00003890  2**0
                  CONTENTS, READONLY, DEBUGGING
  8 .debug_abbrev 00000718  00000000  00000000  00004010  2**0
                  CONTENTS, READONLY, DEBUGGING
  9 .debug_line   0000001d  00000000  00000000  00004728  2**0
                  CONTENTS, READONLY, DEBUGGING
 10 .debug_str    0000027d  00000000  00000000  00004745  2**0
                  CONTENTS, READONLY, DEBUGGING

Disassembly of section .text:

00000000 <__vectors>:
   0:	0c 94 46 00 	jmp	0x8c	; 0x8c <__ctors_end>
   4:	0c 94 65 00 	jmp	0xca	; 0xca <__bad_interrupt>
   8:	0c 94 65 00 	jmp	0xca	; 0xca <__bad_interrupt>
   c:	0c 94 65 00 	jmp	0xca	; 0xca <__bad_interrupt>
  10:	0c 94 65 00 	jmp	0xca	; 0xca <__bad_interrupt>
  14:	0c 94 65 00 	jmp	0xca	; 0xca <__bad_interrupt>
  18:	0c 94 65 00 	jmp	0xca	; 0xca <__bad_interrupt>
  1c:	0c 94 65 00 	jmp	0xca	; 0xca <__bad_interrupt>
  20:	0c 94 65 00 	jmp	0xca	; 0xca <__bad_interrupt>
  24:	0c 94 65 00 	jmp	0xca	; 0xca <__bad_interrupt>
  28:	0c 94 65 00 	jmp	0xca	; 0xca <__bad_interrupt>
  2c:	0c 94 65 00 	jmp	0xca	; 0xca <__bad_interrupt>
  30:	0c 94 65 00 	jmp	0xca	; 0xca <__bad_interrupt>
  34:	0c 94 65 00 	jmp	0xca	; 0xca <__bad_interrupt>
  38:	0c 94 65 00 	jmp	0xca	; 0xca <__bad_interrupt>
  3c:	0c 94 65 00 	jmp	0xca	; 0xca <__bad_interrupt>
  40:	0c 94 65 00 	jmp	0xca	; 0xca <__bad_interrupt>
  44:	0c 94 65 00 	jmp	0xca	; 0xca <__bad_interrupt>
  48:	0c 94 65 00 	jmp	0xca	; 0xca <__bad_interrupt>
  4c:	0c 94 65 00 	jmp	0xca	; 0xca <__bad_interrupt>
  50:	0c 94 65 00 	jmp	0xca	; 0xca <__bad_interrupt>
  54:	0c 94 65 00 	jmp	0xca	; 0xca <__bad_interrupt>
  58:	0c 94 65 00 	jmp	0xca	; 0xca <__bad_interrupt>
  5c:	0c 94 65 00 	jmp	0xca	; 0xca <__bad_interrupt>
  60:	0c 94 65 00 	jmp	0xca	; 0xca <__bad_interrupt>
  64:	0c 94 65 00 	jmp	0xca	; 0xca <__bad_interrupt>
  68:	0c 94 65 00 	jmp	0xca	; 0xca <__bad_interrupt>
  6c:	0c 94 65 00 	jmp	0xca	; 0xca <__bad_interrupt>
  70:	0c 94 65 00 	jmp	0xca	; 0xca <__bad_interrupt>
  74:	0c 94 65 00 	jmp	0xca	; 0xca <__bad_interrupt>
  78:	0c 94 65 00 	jmp	0xca	; 0xca <__bad_interrupt>
  7c:	0c 94 65 00 	jmp	0xca	; 0xca <__bad_interrupt>
  80:	0c 94 65 00 	jmp	0xca	; 0xca <__bad_interrupt>
  84:	0c 94 65 00 	jmp	0xca	; 0xca <__bad_interrupt>
  88:	0c 94 65 00 	jmp	0xca	; 0xca <__bad_interrupt>

0000008c <__ctors_end>:
  8c:	11 24       	eor	r1, r1
  8e:	1f be       	out	0x3f, r1	; 63
  90:	cf ef       	ldi	r28, 0xFF	; 255
  92:	d0 e1       	ldi	r29, 0x10	; 16
  94:	de bf       	out	0x3e, r29	; 62
  96:	cd bf       	out	0x3d, r28	; 61

00000098 <__do_copy_data>:
  98:	11 e0       	ldi	r17, 0x01	; 1
  9a:	a0 e0       	ldi	r26, 0x00	; 0
  9c:	b1 e0       	ldi	r27, 0x01	; 1
  9e:	e0 e1       	ldi	r30, 0x10	; 16
  a0:	f7 e0       	ldi	r31, 0x07	; 7
  a2:	00 e0       	ldi	r16, 0x00	; 0
  a4:	0b bf       	out	0x3b, r16	; 59
  a6:	02 c0       	rjmp	.+4      	; 0xac <__do_copy_data+0x14>
  a8:	07 90       	elpm	r0, Z+
  aa:	0d 92       	st	X+, r0
  ac:	ac 35       	cpi	r26, 0x5C	; 92
  ae:	b1 07       	cpc	r27, r17
  b0:	d9 f7       	brne	.-10     	; 0xa8 <__do_copy_data+0x10>

000000b2 <__do_clear_bss>:
  b2:	21 e0       	ldi	r18, 0x01	; 1
  b4:	ac e5       	ldi	r26, 0x5C	; 92
  b6:	b1 e0       	ldi	r27, 0x01	; 1
  b8:	01 c0       	rjmp	.+2      	; 0xbc <.do_clear_bss_start>

000000ba <.do_clear_bss_loop>:
  ba:	1d 92       	st	X+, r1

000000bc <.do_clear_bss_start>:
  bc:	af 36       	cpi	r26, 0x6F	; 111
  be:	b2 07       	cpc	r27, r18
  c0:	e1 f7       	brne	.-8      	; 0xba <.do_clear_bss_loop>
  c2:	0e 94 f7 02 	call	0x5ee	; 0x5ee <main>
  c6:	0c 94 86 03 	jmp	0x70c	; 0x70c <_exit>

000000ca <__bad_interrupt>:
  ca:	0c 94 00 00 	jmp	0	; 0x0 <__vectors>

000000ce <latch>:
*	grabs the newest data from the 
*	nes controller and stores it in the
*	shift register
***************************/
void latch(){
	PORTB |= LATCH;
  ce:	c7 9a       	sbi	0x18, 7	; 24
	#else
		//round up by default
		__ticks_dc = (uint32_t)(ceil(fabs(__tmp)));
	#endif

	__builtin_avr_delay_cycles(__ticks_dc);
  d0:	80 e4       	ldi	r24, 0x40	; 64
  d2:	8a 95       	dec	r24
  d4:	f1 f7       	brne	.-4      	; 0xd2 <latch+0x4>
	_delay_us(12);
	PORTB &= ~LATCH;
  d6:	c7 98       	cbi	0x18, 7	; 24
  d8:	80 e2       	ldi	r24, 0x20	; 32
  da:	8a 95       	dec	r24
  dc:	f1 f7       	brne	.-4      	; 0xda <latch+0xc>
  de:	08 95       	ret

000000e0 <clk>:
*	for the nes controller. This 
*	tells the nes controller to 
*	send the next bit (button state)
***************************/
void clk(int state){
	if (state){
  e0:	89 2b       	or	r24, r25
  e2:	29 f4       	brne	.+10     	; 0xee <clk+0xe>
		PORTB |= CLK;
	}
	else {
		PORTB &= ~CLK;
  e4:	c6 98       	cbi	0x18, 6	; 24
  e6:	80 e2       	ldi	r24, 0x20	; 32
  e8:	8a 95       	dec	r24
  ea:	f1 f7       	brne	.-4      	; 0xe8 <clk+0x8>
  ec:	08 95       	ret
*	tells the nes controller to 
*	send the next bit (button state)
***************************/
void clk(int state){
	if (state){
		PORTB |= CLK;
  ee:	c6 9a       	sbi	0x18, 6	; 24
  f0:	80 e2       	ldi	r24, 0x20	; 32
  f2:	8a 95       	dec	r24
  f4:	f1 f7       	brne	.-4      	; 0xf2 <clk+0x12>
  f6:	08 95       	ret

000000f8 <read_data>:
*	grabs the newest data from the 
*	nes controller and stores it in the
*	shift register
***************************/
void latch(){
	PORTB |= LATCH;
  f8:	c7 9a       	sbi	0x18, 7	; 24
  fa:	40 e4       	ldi	r20, 0x40	; 64
  fc:	4a 95       	dec	r20
  fe:	f1 f7       	brne	.-4      	; 0xfc <read_data+0x4>
	_delay_us(12);
	PORTB &= ~LATCH;
 100:	c7 98       	cbi	0x18, 7	; 24
 102:	80 e2       	ldi	r24, 0x20	; 32
 104:	8a 95       	dec	r24
 106:	f1 f7       	brne	.-4      	; 0x104 <read_data+0xc>
 108:	ee e5       	ldi	r30, 0x5E	; 94
 10a:	f1 e0       	ldi	r31, 0x01	; 1
*	and store it in nes_data
***************************/
void read_data(){
	int i;
	latch();
	for (i = 0; i < 16; ++i){
 10c:	80 e0       	ldi	r24, 0x00	; 0
 10e:	90 e0       	ldi	r25, 0x00	; 0
		if (i <= 11){
			if (~PINF & DATA){
				nes_data[i] = ON;
			}
			else {
				nes_data[i] = OFF;
 110:	30 e3       	ldi	r19, 0x30	; 48
	latch();
	for (i = 0; i < 16; ++i){
		clk(LOW);
		if (i <= 11){
			if (~PINF & DATA){
				nes_data[i] = ON;
 112:	21 e3       	ldi	r18, 0x31	; 49
 114:	0a c0       	rjmp	.+20     	; 0x12a <read_data+0x32>
 116:	20 83       	st	Z, r18
*	tells the nes controller to 
*	send the next bit (button state)
***************************/
void clk(int state){
	if (state){
		PORTB |= CLK;
 118:	c6 9a       	sbi	0x18, 6	; 24
 11a:	40 e2       	ldi	r20, 0x20	; 32
 11c:	4a 95       	dec	r20
 11e:	f1 f7       	brne	.-4      	; 0x11c <read_data+0x24>
*	and store it in nes_data
***************************/
void read_data(){
	int i;
	latch();
	for (i = 0; i < 16; ++i){
 120:	01 96       	adiw	r24, 0x01	; 1
 122:	31 96       	adiw	r30, 0x01	; 1
 124:	80 31       	cpi	r24, 0x10	; 16
 126:	91 05       	cpc	r25, r1
 128:	59 f0       	breq	.+22     	; 0x140 <read_data+0x48>
void clk(int state){
	if (state){
		PORTB |= CLK;
	}
	else {
		PORTB &= ~CLK;
 12a:	c6 98       	cbi	0x18, 6	; 24
 12c:	40 e2       	ldi	r20, 0x20	; 32
 12e:	4a 95       	dec	r20
 130:	f1 f7       	brne	.-4      	; 0x12e <read_data+0x36>
void read_data(){
	int i;
	latch();
	for (i = 0; i < 16; ++i){
		clk(LOW);
		if (i <= 11){
 132:	8c 30       	cpi	r24, 0x0C	; 12
 134:	91 05       	cpc	r25, r1
 136:	84 f7       	brge	.-32     	; 0x118 <read_data+0x20>
			if (~PINF & DATA){
 138:	00 9b       	sbis	0x00, 0	; 0
 13a:	ed cf       	rjmp	.-38     	; 0x116 <read_data+0x1e>
				nes_data[i] = ON;
			}
			else {
				nes_data[i] = OFF;
 13c:	30 83       	st	Z, r19
 13e:	ec cf       	rjmp	.-40     	; 0x118 <read_data+0x20>
			}
		}
		clk(HIGH);
	}

}
 140:	08 95       	ret

00000142 <USART_Init>:
/**************************
*	Initializes uart1 with the given ubrr
***************************/
void USART_Init( unsigned int ubrr ) {
    /* Set baud rate */
    UBRR1H = (unsigned char)(ubrr>>8);
 142:	90 93 98 00 	sts	0x0098, r25
    UBRR1L = (unsigned char)ubrr;
 146:	80 93 99 00 	sts	0x0099, r24
    /* Enable receiver and transmitter */ 
    UCSR1B = (1<<RXEN1)|(1<<TXEN1);
 14a:	88 e1       	ldi	r24, 0x18	; 24
 14c:	80 93 9a 00 	sts	0x009A, r24
    /* Set frame format: 9data, 1stop bit */ 
    UCSR1C = UCSR1C = (1 << UCSZ12) | (1 << UCSZ11) | (1 << UCSZ10);
 150:	ed e9       	ldi	r30, 0x9D	; 157
 152:	f0 e0       	ldi	r31, 0x00	; 0
 154:	86 e0       	ldi	r24, 0x06	; 6
 156:	80 83       	st	Z, r24
 158:	80 83       	st	Z, r24
 15a:	08 95       	ret

0000015c <USART_Transmit>:
/**************************
*	Transmits the given byte over uart1
***************************/
void USART_Transmit( unsigned char data ) {
    /* Wait for empty transmit buffer */ 
    while ( !( UCSR1A & (1<<UDRE1)) );
 15c:	90 91 9b 00 	lds	r25, 0x009B
 160:	95 ff       	sbrs	r25, 5
 162:	fc cf       	rjmp	.-8      	; 0x15c <USART_Transmit>
    /* Put data into buffer, sends the data */ 
    UDR1 = data;
 164:	80 93 9c 00 	sts	0x009C, r24
 168:	08 95       	ret

0000016a <USART_Receive>:
		clear_display();
		stop();
		_delay_ms(50);
	}
    */
    if (UCSR1A & (1<<RXC)){
 16a:	80 91 9b 00 	lds	r24, 0x009B
 16e:	87 fd       	sbrc	r24, 7
 170:	02 c0       	rjmp	.+4      	; 0x176 <USART_Receive+0xc>
    	/* Get and return received data from buffer */ 
    	return UDR1;
    }
    else {
        return 255;
 172:	8f ef       	ldi	r24, 0xFF	; 255
    }
}
 174:	08 95       	ret
		_delay_ms(50);
	}
    */
    if (UCSR1A & (1<<RXC)){
    	/* Get and return received data from buffer */ 
    	return UDR1;
 176:	80 91 9c 00 	lds	r24, 0x009C
 17a:	08 95       	ret

0000017c <USART_send_string>:
    }
}

void USART_send_string(char *data){
    int i = 0;
    while (data[i] != '\0'){
 17c:	fc 01       	movw	r30, r24
 17e:	20 81       	ld	r18, Z
 180:	22 23       	and	r18, r18
 182:	51 f0       	breq	.+20     	; 0x198 <USART_send_string+0x1c>
 184:	31 96       	adiw	r30, 0x01	; 1
/**************************
*	Transmits the given byte over uart1
***************************/
void USART_Transmit( unsigned char data ) {
    /* Wait for empty transmit buffer */ 
    while ( !( UCSR1A & (1<<UDRE1)) );
 186:	90 91 9b 00 	lds	r25, 0x009B
 18a:	95 ff       	sbrs	r25, 5
 18c:	fc cf       	rjmp	.-8      	; 0x186 <USART_send_string+0xa>
    /* Put data into buffer, sends the data */ 
    UDR1 = data;
 18e:	20 93 9c 00 	sts	0x009C, r18
    }
}

void USART_send_string(char *data){
    int i = 0;
    while (data[i] != '\0'){
 192:	21 91       	ld	r18, Z+
 194:	21 11       	cpse	r18, r1
 196:	f7 cf       	rjmp	.-18     	; 0x186 <USART_send_string+0xa>
 198:	08 95       	ret

0000019a <strobe_lcd>:
        ++i;
    }
}
//twiddles bit 3, PORTF creating the enable signal for the LCD
void strobe_lcd(void){
    PORTF |= 0x08;
 19a:	e2 e6       	ldi	r30, 0x62	; 98
 19c:	f0 e0       	ldi	r31, 0x00	; 0
 19e:	80 81       	ld	r24, Z
 1a0:	88 60       	ori	r24, 0x08	; 8
 1a2:	80 83       	st	Z, r24
    PORTF &= ~0x08;
 1a4:	80 81       	ld	r24, Z
 1a6:	87 7f       	andi	r24, 0xF7	; 247
 1a8:	80 83       	st	Z, r24
 1aa:	08 95       	ret

000001ac <clear_display>:
}

void clear_display(void){
    while (!(SPSR & 0x80)) {}   // Wait for SPI transfer to complete
 1ac:	77 9b       	sbis	0x0e, 7	; 14
 1ae:	fe cf       	rjmp	.-4      	; 0x1ac <clear_display>
    SPDR = 0x00;    //command, not data
 1b0:	1f b8       	out	0x0f, r1	; 15
    while (!(SPSR & 0x80)) {}   // Wait for SPI transfer to complete
 1b2:	77 9b       	sbis	0x0e, 7	; 14
 1b4:	fe cf       	rjmp	.-4      	; 0x1b2 <clear_display+0x6>
    SPDR = 0x01;    //clear display command
 1b6:	81 e0       	ldi	r24, 0x01	; 1
 1b8:	8f b9       	out	0x0f, r24	; 15
    while (!(SPSR & 0x80)) {}   // Wait for SPI transfer to complete
 1ba:	77 9b       	sbis	0x0e, 7	; 14
 1bc:	fe cf       	rjmp	.-4      	; 0x1ba <clear_display+0xe>
        ++i;
    }
}
//twiddles bit 3, PORTF creating the enable signal for the LCD
void strobe_lcd(void){
    PORTF |= 0x08;
 1be:	80 91 62 00 	lds	r24, 0x0062
 1c2:	88 60       	ori	r24, 0x08	; 8
 1c4:	80 93 62 00 	sts	0x0062, r24
    PORTF &= ~0x08;
 1c8:	80 91 62 00 	lds	r24, 0x0062
 1cc:	87 7f       	andi	r24, 0xF7	; 247
 1ce:	80 93 62 00 	sts	0x0062, r24
	#else
		//round up by default
		__ticks_dc = (uint32_t)(ceil(fabs(__tmp)));
	#endif

	__builtin_avr_delay_cycles(__ticks_dc);
 1d2:	8f e9       	ldi	r24, 0x9F	; 159
 1d4:	98 e2       	ldi	r25, 0x28	; 40
 1d6:	01 97       	sbiw	r24, 0x01	; 1
 1d8:	f1 f7       	brne	.-4      	; 0x1d6 <clear_display+0x2a>
 1da:	00 c0       	rjmp	.+0      	; 0x1dc <clear_display+0x30>
 1dc:	00 00       	nop
 1de:	08 95       	ret

000001e0 <home_line2>:
    strobe_lcd();   //strobe the LCD enable pin
    _delay_ms(2.6);   //obligatory waiting for slow LCD
}

void home_line2(void){
    SPDR = 0x00;    //command, not data
 1e0:	1f b8       	out	0x0f, r1	; 15
    while (!(SPSR & 0x80)) {}   // Wait for SPI transfer to complete
 1e2:	77 9b       	sbis	0x0e, 7	; 14
 1e4:	fe cf       	rjmp	.-4      	; 0x1e2 <home_line2+0x2>
    SPDR = 0xC0;   // cursor go home on line 2
 1e6:	80 ec       	ldi	r24, 0xC0	; 192
 1e8:	8f b9       	out	0x0f, r24	; 15
    while (!(SPSR & 0x80)) {}   // Wait for SPI transfer to complete
 1ea:	77 9b       	sbis	0x0e, 7	; 14
 1ec:	fe cf       	rjmp	.-4      	; 0x1ea <home_line2+0xa>
        ++i;
    }
}
//twiddles bit 3, PORTF creating the enable signal for the LCD
void strobe_lcd(void){
    PORTF |= 0x08;
 1ee:	80 91 62 00 	lds	r24, 0x0062
 1f2:	88 60       	ori	r24, 0x08	; 8
 1f4:	80 93 62 00 	sts	0x0062, r24
    PORTF &= ~0x08;
 1f8:	80 91 62 00 	lds	r24, 0x0062
 1fc:	87 7f       	andi	r24, 0xF7	; 247
 1fe:	80 93 62 00 	sts	0x0062, r24
	#else
		//round up by default
		__ticks_dc = (uint32_t)(ceil(fabs(__tmp)));
	#endif

	__builtin_avr_delay_cycles(__ticks_dc);
 202:	85 ec       	ldi	r24, 0xC5	; 197
 204:	8a 95       	dec	r24
 206:	f1 f7       	brne	.-4      	; 0x204 <home_line2+0x24>
 208:	00 00       	nop
 20a:	08 95       	ret

0000020c <char2lcd>:

//sends a char to the LCD
void char2lcd(char a_char){
    //sends a char to the LCD
    //usage: char2lcd('H');  // send an H to the LCD
    SPDR = 0x01;   //set SR for data xfer with LSB=1
 20c:	91 e0       	ldi	r25, 0x01	; 1
 20e:	9f b9       	out	0x0f, r25	; 15
    while (!(SPSR & 0x80)) {}   // Wait for SPI transfer to complete
 210:	77 9b       	sbis	0x0e, 7	; 14
 212:	fe cf       	rjmp	.-4      	; 0x210 <char2lcd+0x4>
    SPDR = a_char; //send the char to the SPI port
 214:	8f b9       	out	0x0f, r24	; 15
    while (!(SPSR & 0x80)) {}   // Wait for SPI transfer to complete
 216:	77 9b       	sbis	0x0e, 7	; 14
 218:	fe cf       	rjmp	.-4      	; 0x216 <char2lcd+0xa>
        ++i;
    }
}
//twiddles bit 3, PORTF creating the enable signal for the LCD
void strobe_lcd(void){
    PORTF |= 0x08;
 21a:	80 91 62 00 	lds	r24, 0x0062
 21e:	88 60       	ori	r24, 0x08	; 8
 220:	80 93 62 00 	sts	0x0062, r24
    PORTF &= ~0x08;
 224:	80 91 62 00 	lds	r24, 0x0062
 228:	87 7f       	andi	r24, 0xF7	; 247
 22a:	80 93 62 00 	sts	0x0062, r24
 22e:	85 ec       	ldi	r24, 0xC5	; 197
 230:	8a 95       	dec	r24
 232:	f1 f7       	brne	.-4      	; 0x230 <char2lcd+0x24>
 234:	00 00       	nop
 236:	08 95       	ret

00000238 <string2lcd>:
    strobe_lcd();  //toggle the enable bit
    _delay_us(37);
}

//sends a string in FLASH to LCD
void string2lcd(char *lcd_str){
 238:	cf 93       	push	r28
 23a:	df 93       	push	r29
 23c:	fc 01       	movw	r30, r24
 23e:	dc 01       	movw	r26, r24
    int count;
    for (count=0; count<=(strlen(lcd_str)-1); count++){
 240:	40 e0       	ldi	r20, 0x00	; 0
 242:	50 e0       	ldi	r21, 0x00	; 0
        while (!(SPSR & 0x80)) {}   // Wait for SPI transfer to complete
        SPDR = 0x01; //set SR for data
 244:	61 e0       	ldi	r22, 0x01	; 1

//sends a string in FLASH to LCD
void string2lcd(char *lcd_str){
    int count;
    for (count=0; count<=(strlen(lcd_str)-1); count++){
        while (!(SPSR & 0x80)) {}   // Wait for SPI transfer to complete
 246:	77 9b       	sbis	0x0e, 7	; 14
 248:	fe cf       	rjmp	.-4      	; 0x246 <string2lcd+0xe>
        SPDR = 0x01; //set SR for data
 24a:	6f b9       	out	0x0f, r22	; 15
        while (!(SPSR & 0x80)) {}   // Wait for SPI transfer to complete
 24c:	77 9b       	sbis	0x0e, 7	; 14
 24e:	fe cf       	rjmp	.-4      	; 0x24c <string2lcd+0x14>
        SPDR = lcd_str[count]; 
 250:	8d 91       	ld	r24, X+
 252:	8f b9       	out	0x0f, r24	; 15
        while (!(SPSR & 0x80)) {}   // Wait for SPI transfer to complete
 254:	77 9b       	sbis	0x0e, 7	; 14
 256:	fe cf       	rjmp	.-4      	; 0x254 <string2lcd+0x1c>
        ++i;
    }
}
//twiddles bit 3, PORTF creating the enable signal for the LCD
void strobe_lcd(void){
    PORTF |= 0x08;
 258:	90 91 62 00 	lds	r25, 0x0062
 25c:	98 60       	ori	r25, 0x08	; 8
 25e:	90 93 62 00 	sts	0x0062, r25
    PORTF &= ~0x08;
 262:	90 91 62 00 	lds	r25, 0x0062
 266:	97 7f       	andi	r25, 0xF7	; 247
 268:	90 93 62 00 	sts	0x0062, r25
 26c:	85 ec       	ldi	r24, 0xC5	; 197
 26e:	8a 95       	dec	r24
 270:	f1 f7       	brne	.-4      	; 0x26e <string2lcd+0x36>
 272:	00 00       	nop
}

//sends a string in FLASH to LCD
void string2lcd(char *lcd_str){
    int count;
    for (count=0; count<=(strlen(lcd_str)-1); count++){
 274:	4f 5f       	subi	r20, 0xFF	; 255
 276:	5f 4f       	sbci	r21, 0xFF	; 255
 278:	ef 01       	movw	r28, r30
 27a:	09 90       	ld	r0, Y+
 27c:	00 20       	and	r0, r0
 27e:	e9 f7       	brne	.-6      	; 0x27a <string2lcd+0x42>
 280:	9e 01       	movw	r18, r28
 282:	2e 1b       	sub	r18, r30
 284:	3f 0b       	sbc	r19, r31
 286:	22 50       	subi	r18, 0x02	; 2
 288:	31 09       	sbc	r19, r1
 28a:	24 17       	cp	r18, r20
 28c:	35 07       	cpc	r19, r21
 28e:	d8 f6       	brcc	.-74     	; 0x246 <string2lcd+0xe>
        SPDR = lcd_str[count]; 
        while (!(SPSR & 0x80)) {}   // Wait for SPI transfer to complete
        strobe_lcd();
        _delay_us(37);  // Max delay for this function is 48us
    }
}   
 290:	df 91       	pop	r29
 292:	cf 91       	pop	r28
 294:	08 95       	ret

00000296 <stepUp>:
/**************************
*	Move the motor up for STEP_TIME milliseconds
*	then pause for a second
***************************/
void stepUp(){
	string2lcd("Step Up");
 296:	80 e0       	ldi	r24, 0x00	; 0
 298:	91 e0       	ldi	r25, 0x01	; 1
 29a:	0e 94 1c 01 	call	0x238	; 0x238 <string2lcd>
	PORTE |= DIRECTION31;
 29e:	1d 9a       	sbi	0x03, 5	; 3
	PORTE &= ~DIRECTION32;
 2a0:	1c 98       	cbi	0x03, 4	; 3
	#else
		//round up by default
		__ticks_dc = (uint32_t)(ceil(fabs(__tmp)));
	#endif

	__builtin_avr_delay_cycles(__ticks_dc);
 2a2:	2f ef       	ldi	r18, 0xFF	; 255
 2a4:	81 ee       	ldi	r24, 0xE1	; 225
 2a6:	94 e0       	ldi	r25, 0x04	; 4
 2a8:	21 50       	subi	r18, 0x01	; 1
 2aa:	80 40       	sbci	r24, 0x00	; 0
 2ac:	90 40       	sbci	r25, 0x00	; 0
 2ae:	e1 f7       	brne	.-8      	; 0x2a8 <stepUp+0x12>
 2b0:	00 c0       	rjmp	.+0      	; 0x2b2 <stepUp+0x1c>
 2b2:	00 00       	nop
	_delay_ms(STEP_TIME);
	PORTE |= DIRECTION32;
 2b4:	1c 9a       	sbi	0x03, 4	; 3
 2b6:	2f ef       	ldi	r18, 0xFF	; 255
 2b8:	83 ed       	ldi	r24, 0xD3	; 211
 2ba:	90 e3       	ldi	r25, 0x30	; 48
 2bc:	21 50       	subi	r18, 0x01	; 1
 2be:	80 40       	sbci	r24, 0x00	; 0
 2c0:	90 40       	sbci	r25, 0x00	; 0
 2c2:	e1 f7       	brne	.-8      	; 0x2bc <stepUp+0x26>
 2c4:	00 c0       	rjmp	.+0      	; 0x2c6 <stepUp+0x30>
 2c6:	00 00       	nop
 2c8:	08 95       	ret

000002ca <stepDown>:
/**************************
*	Move the motor down for STEP_TIME milliseconds
*	then pause for a second
***************************/
void stepDown(){
	string2lcd("Step Down");
 2ca:	88 e0       	ldi	r24, 0x08	; 8
 2cc:	91 e0       	ldi	r25, 0x01	; 1
 2ce:	0e 94 1c 01 	call	0x238	; 0x238 <string2lcd>
	PORTE |= DIRECTION32;
 2d2:	1c 9a       	sbi	0x03, 4	; 3
	PORTE &= ~DIRECTION31;
 2d4:	1d 98       	cbi	0x03, 5	; 3
 2d6:	2f ef       	ldi	r18, 0xFF	; 255
 2d8:	81 ee       	ldi	r24, 0xE1	; 225
 2da:	94 e0       	ldi	r25, 0x04	; 4
 2dc:	21 50       	subi	r18, 0x01	; 1
 2de:	80 40       	sbci	r24, 0x00	; 0
 2e0:	90 40       	sbci	r25, 0x00	; 0
 2e2:	e1 f7       	brne	.-8      	; 0x2dc <stepDown+0x12>
 2e4:	00 c0       	rjmp	.+0      	; 0x2e6 <stepDown+0x1c>
 2e6:	00 00       	nop
	_delay_ms(STEP_TIME);
	PORTE |= DIRECTION31;
 2e8:	1d 9a       	sbi	0x03, 5	; 3
 2ea:	2f ef       	ldi	r18, 0xFF	; 255
 2ec:	83 ed       	ldi	r24, 0xD3	; 211
 2ee:	90 e3       	ldi	r25, 0x30	; 48
 2f0:	21 50       	subi	r18, 0x01	; 1
 2f2:	80 40       	sbci	r24, 0x00	; 0
 2f4:	90 40       	sbci	r25, 0x00	; 0
 2f6:	e1 f7       	brne	.-8      	; 0x2f0 <stepDown+0x26>
 2f8:	00 c0       	rjmp	.+0      	; 0x2fa <stepDown+0x30>
 2fa:	00 00       	nop
 2fc:	08 95       	ret

000002fe <lookUp>:

/**************************
*	Set the motor to move up 
***************************/
void lookUp(){
	string2lcd("Look Up");
 2fe:	82 e1       	ldi	r24, 0x12	; 18
 300:	91 e0       	ldi	r25, 0x01	; 1
 302:	0e 94 1c 01 	call	0x238	; 0x238 <string2lcd>
	PORTE |= DIRECTION31;
 306:	1d 9a       	sbi	0x03, 5	; 3
	PORTE &= ~DIRECTION32;
 308:	1c 98       	cbi	0x03, 4	; 3
	#else
		//round up by default
		__ticks_dc = (uint32_t)(ceil(fabs(__tmp)));
	#endif

	__builtin_avr_delay_cycles(__ticks_dc);
 30a:	80 e2       	ldi	r24, 0x20	; 32
 30c:	8a 95       	dec	r24
 30e:	f1 f7       	brne	.-4      	; 0x30c <lookUp+0xe>
 310:	08 95       	ret

00000312 <lookDown>:

/**************************
*	Set the motor to move down
***************************/
void lookDown(){
	string2lcd("Look Down");
 312:	8a e1       	ldi	r24, 0x1A	; 26
 314:	91 e0       	ldi	r25, 0x01	; 1
 316:	0e 94 1c 01 	call	0x238	; 0x238 <string2lcd>
	PORTE |= DIRECTION32;
 31a:	1c 9a       	sbi	0x03, 4	; 3
	PORTE &= DIRECTION31;
 31c:	83 b1       	in	r24, 0x03	; 3
 31e:	80 72       	andi	r24, 0x20	; 32
 320:	83 b9       	out	0x03, r24	; 3
 322:	80 e2       	ldi	r24, 0x20	; 32
 324:	8a 95       	dec	r24
 326:	f1 f7       	brne	.-4      	; 0x324 <lookDown+0x12>
 328:	08 95       	ret

0000032a <fire>:

/**************************
*	Sets the Fire pin high to release the solenoid	
***************************/
void fire(){
	string2lcd("Firing");
 32a:	84 e2       	ldi	r24, 0x24	; 36
 32c:	91 e0       	ldi	r25, 0x01	; 1
 32e:	0e 94 1c 01 	call	0x238	; 0x238 <string2lcd>
	
	PORTB |= FIRE;
 332:	c5 9a       	sbi	0x18, 5	; 24
	#else
		//round up by default
		__ticks_dc = (uint32_t)(ceil(fabs(__tmp)));
	#endif

	__builtin_avr_delay_cycles(__ticks_dc);
 334:	2f ef       	ldi	r18, 0xFF	; 255
 336:	8b e4       	ldi	r24, 0x4B	; 75
 338:	9d e1       	ldi	r25, 0x1D	; 29
 33a:	21 50       	subi	r18, 0x01	; 1
 33c:	80 40       	sbci	r24, 0x00	; 0
 33e:	90 40       	sbci	r25, 0x00	; 0
 340:	e1 f7       	brne	.-8      	; 0x33a <fire+0x10>
 342:	00 c0       	rjmp	.+0      	; 0x344 <fire+0x1a>
 344:	00 00       	nop
	_delay_ms(600);
	PORTB &= ~FIRE;
 346:	c5 98       	cbi	0x18, 5	; 24
 348:	08 95       	ret

0000034a <forward>:

/**************************
*	Sets both motors to foward
***************************/
void forward(){
	string2lcd("Forward");
 34a:	8b e2       	ldi	r24, 0x2B	; 43
 34c:	91 e0       	ldi	r25, 0x01	; 1
 34e:	0e 94 1c 01 	call	0x238	; 0x238 <string2lcd>
	PORTE |= DIRECTION11;
 352:	18 9a       	sbi	0x03, 0	; 3
	PORTE &= ~DIRECTION12;
 354:	19 98       	cbi	0x03, 1	; 3
	PORTE |= DIRECTION21;
 356:	1a 9a       	sbi	0x03, 2	; 3
	PORTE &= ~DIRECTION22;
 358:	1b 98       	cbi	0x03, 3	; 3
	#else
		//round up by default
		__ticks_dc = (uint32_t)(ceil(fabs(__tmp)));
	#endif

	__builtin_avr_delay_cycles(__ticks_dc);
 35a:	80 e2       	ldi	r24, 0x20	; 32
 35c:	8a 95       	dec	r24
 35e:	f1 f7       	brne	.-4      	; 0x35c <forward+0x12>
 360:	08 95       	ret

00000362 <reverse>:

/**************************
*	Sets both motors to reverse
***************************/
void reverse(){
	string2lcd("Reverse");
 362:	83 e3       	ldi	r24, 0x33	; 51
 364:	91 e0       	ldi	r25, 0x01	; 1
 366:	0e 94 1c 01 	call	0x238	; 0x238 <string2lcd>
	PORTE &= ~DIRECTION11;
 36a:	18 98       	cbi	0x03, 0	; 3
	PORTE |= DIRECTION12;
 36c:	19 9a       	sbi	0x03, 1	; 3
	PORTE &= ~DIRECTION21;
 36e:	1a 98       	cbi	0x03, 2	; 3
	PORTE |= DIRECTION22;
 370:	1b 9a       	sbi	0x03, 3	; 3
 372:	80 e2       	ldi	r24, 0x20	; 32
 374:	8a 95       	dec	r24
 376:	f1 f7       	brne	.-4      	; 0x374 <reverse+0x12>
 378:	08 95       	ret

0000037a <left>:
/**************************
*	Sets left motor to forward 
*	right motor to reverse
***************************/
void left(){
	string2lcd("Left");
 37a:	8b e3       	ldi	r24, 0x3B	; 59
 37c:	91 e0       	ldi	r25, 0x01	; 1
 37e:	0e 94 1c 01 	call	0x238	; 0x238 <string2lcd>
	PORTE |= DIRECTION11;
 382:	18 9a       	sbi	0x03, 0	; 3
	PORTE &= ~DIRECTION12;
 384:	19 98       	cbi	0x03, 1	; 3
	PORTE &= ~DIRECTION21;
 386:	1a 98       	cbi	0x03, 2	; 3
	PORTE |= DIRECTION22;
 388:	1b 9a       	sbi	0x03, 3	; 3
 38a:	80 e2       	ldi	r24, 0x20	; 32
 38c:	8a 95       	dec	r24
 38e:	f1 f7       	brne	.-4      	; 0x38c <left+0x12>
 390:	08 95       	ret

00000392 <right>:
/**************************
*	Sets right motor to forward
*	left motor to reverse
***************************/
void right(){
	string2lcd("right");
 392:	80 e4       	ldi	r24, 0x40	; 64
 394:	91 e0       	ldi	r25, 0x01	; 1
 396:	0e 94 1c 01 	call	0x238	; 0x238 <string2lcd>
	PORTE &= ~DIRECTION11;
 39a:	18 98       	cbi	0x03, 0	; 3
	PORTE |= DIRECTION12;
 39c:	19 9a       	sbi	0x03, 1	; 3
	PORTE |= DIRECTION21;
 39e:	1a 9a       	sbi	0x03, 2	; 3
	PORTE &= ~DIRECTION22;
 3a0:	1b 98       	cbi	0x03, 3	; 3
 3a2:	80 e2       	ldi	r24, 0x20	; 32
 3a4:	8a 95       	dec	r24
 3a6:	f1 f7       	brne	.-4      	; 0x3a4 <right+0x12>
 3a8:	08 95       	ret

000003aa <stop>:

/**************************
*	Sets both motors off
***************************/
void stop(){
	string2lcd("Stop");
 3aa:	86 e4       	ldi	r24, 0x46	; 70
 3ac:	91 e0       	ldi	r25, 0x01	; 1
 3ae:	0e 94 1c 01 	call	0x238	; 0x238 <string2lcd>
	PORTE |= DIRECTION11;
 3b2:	18 9a       	sbi	0x03, 0	; 3
	PORTE |= DIRECTION12;
 3b4:	19 9a       	sbi	0x03, 1	; 3
	PORTE |= DIRECTION21;
 3b6:	1a 9a       	sbi	0x03, 2	; 3
	PORTE |= DIRECTION22;
 3b8:	1b 9a       	sbi	0x03, 3	; 3
	PORTE |= DIRECTION31;
 3ba:	1d 9a       	sbi	0x03, 5	; 3
	PORTE |= DIRECTION32;
 3bc:	1c 9a       	sbi	0x03, 4	; 3
 3be:	80 e2       	ldi	r24, 0x20	; 32
 3c0:	8a 95       	dec	r24
 3c2:	f1 f7       	brne	.-4      	; 0x3c0 <stop+0x16>
 3c4:	08 95       	ret

000003c6 <print_nes>:


/**************************
*	Print the controller data, button by button, to the LCD
***************************/
void print_nes(){
 3c6:	cf 93       	push	r28
 3c8:	df 93       	push	r29
 3ca:	cd b7       	in	r28, 0x3d	; 61
 3cc:	de b7       	in	r29, 0x3e	; 62
 3ce:	61 97       	sbiw	r28, 0x11	; 17
 3d0:	0f b6       	in	r0, 0x3f	; 63
 3d2:	f8 94       	cli
 3d4:	de bf       	out	0x3e, r29	; 62
 3d6:	0f be       	out	0x3f, r0	; 63
 3d8:	cd bf       	out	0x3d, r28	; 61
 3da:	fe 01       	movw	r30, r28
 3dc:	31 96       	adiw	r30, 0x01	; 1
 3de:	9e 01       	movw	r18, r28
 3e0:	2f 5e       	subi	r18, 0xEF	; 239
 3e2:	3f 4f       	sbci	r19, 0xFF	; 255
	char buttons[17];
	int i;
	for (i = 0; i < 16; ++i){
		buttons[i] = '-';
 3e4:	8d e2       	ldi	r24, 0x2D	; 45
 3e6:	81 93       	st	Z+, r24
*	Print the controller data, button by button, to the LCD
***************************/
void print_nes(){
	char buttons[17];
	int i;
	for (i = 0; i < 16; ++i){
 3e8:	e2 17       	cp	r30, r18
 3ea:	f3 07       	cpc	r31, r19
 3ec:	e1 f7       	brne	.-8      	; 0x3e6 <print_nes+0x20>
		buttons[i] = '-';
	}
	if (nes_data[A] == ON){
 3ee:	80 91 66 01 	lds	r24, 0x0166
 3f2:	81 33       	cpi	r24, 0x31	; 49
 3f4:	09 f4       	brne	.+2      	; 0x3f8 <print_nes+0x32>
 3f6:	5d c0       	rjmp	.+186    	; 0x4b2 <print_nes+0xec>
		buttons[A] = 'A';
	}
	if (nes_data[B] == ON){
 3f8:	80 91 5e 01 	lds	r24, 0x015E
 3fc:	81 33       	cpi	r24, 0x31	; 49
 3fe:	09 f4       	brne	.+2      	; 0x402 <print_nes+0x3c>
 400:	55 c0       	rjmp	.+170    	; 0x4ac <print_nes+0xe6>
		buttons[B] = 'B';
	}
	if (nes_data[X] == ON){
 402:	80 91 67 01 	lds	r24, 0x0167
 406:	81 33       	cpi	r24, 0x31	; 49
 408:	09 f4       	brne	.+2      	; 0x40c <print_nes+0x46>
 40a:	4d c0       	rjmp	.+154    	; 0x4a6 <print_nes+0xe0>
		buttons[X] = 'X';
	}
	if (nes_data[Y] == ON){
 40c:	80 91 5f 01 	lds	r24, 0x015F
 410:	81 33       	cpi	r24, 0x31	; 49
 412:	09 f4       	brne	.+2      	; 0x416 <print_nes+0x50>
 414:	45 c0       	rjmp	.+138    	; 0x4a0 <print_nes+0xda>
		buttons[Y] = 'Y';
	}
	if (nes_data[Start] == ON){
 416:	80 91 61 01 	lds	r24, 0x0161
 41a:	81 33       	cpi	r24, 0x31	; 49
 41c:	f1 f1       	breq	.+124    	; 0x49a <print_nes+0xd4>
		buttons[Start] = 'S';
	}
	if (nes_data[Select] == ON){
 41e:	80 91 60 01 	lds	r24, 0x0160
 422:	81 33       	cpi	r24, 0x31	; 49
 424:	b9 f1       	breq	.+110    	; 0x494 <print_nes+0xce>
		buttons[Select] = 'L';
	}
	if (nes_data[Up] == ON){
 426:	80 91 62 01 	lds	r24, 0x0162
 42a:	81 33       	cpi	r24, 0x31	; 49
 42c:	81 f1       	breq	.+96     	; 0x48e <print_nes+0xc8>
		buttons[Up] = 'U';
	}
	if (nes_data[Down] == ON){
 42e:	80 91 63 01 	lds	r24, 0x0163
 432:	81 33       	cpi	r24, 0x31	; 49
 434:	49 f1       	breq	.+82     	; 0x488 <print_nes+0xc2>
		buttons[Down] = 'D';
	}
	if (nes_data[Left] == ON){
 436:	80 91 64 01 	lds	r24, 0x0164
 43a:	81 33       	cpi	r24, 0x31	; 49
 43c:	11 f1       	breq	.+68     	; 0x482 <print_nes+0xbc>
		buttons[Left] = 'L';
	}
	if (nes_data[Right] == ON){
 43e:	80 91 65 01 	lds	r24, 0x0165
 442:	81 33       	cpi	r24, 0x31	; 49
 444:	d9 f0       	breq	.+54     	; 0x47c <print_nes+0xb6>
		buttons[Right] = 'R';
	}
	if (nes_data[L] == ON){
 446:	80 91 68 01 	lds	r24, 0x0168
 44a:	81 33       	cpi	r24, 0x31	; 49
 44c:	a1 f0       	breq	.+40     	; 0x476 <print_nes+0xb0>
		buttons[L] = 'C';
	}
	if (nes_data[R] == ON){
 44e:	80 91 69 01 	lds	r24, 0x0169
 452:	81 33       	cpi	r24, 0x31	; 49
 454:	11 f4       	brne	.+4      	; 0x45a <print_nes+0x94>
		buttons[R] = 'F';
 456:	86 e4       	ldi	r24, 0x46	; 70
 458:	8c 87       	std	Y+12, r24	; 0x0c
	}
	buttons[16] = '\0';
 45a:	19 8a       	std	Y+17, r1	; 0x11
	string2lcd(buttons);
 45c:	ce 01       	movw	r24, r28
 45e:	01 96       	adiw	r24, 0x01	; 1
 460:	0e 94 1c 01 	call	0x238	; 0x238 <string2lcd>
}
 464:	61 96       	adiw	r28, 0x11	; 17
 466:	0f b6       	in	r0, 0x3f	; 63
 468:	f8 94       	cli
 46a:	de bf       	out	0x3e, r29	; 62
 46c:	0f be       	out	0x3f, r0	; 63
 46e:	cd bf       	out	0x3d, r28	; 61
 470:	df 91       	pop	r29
 472:	cf 91       	pop	r28
 474:	08 95       	ret
	}
	if (nes_data[Right] == ON){
		buttons[Right] = 'R';
	}
	if (nes_data[L] == ON){
		buttons[L] = 'C';
 476:	83 e4       	ldi	r24, 0x43	; 67
 478:	8b 87       	std	Y+11, r24	; 0x0b
 47a:	e9 cf       	rjmp	.-46     	; 0x44e <print_nes+0x88>
	}
	if (nes_data[Left] == ON){
		buttons[Left] = 'L';
	}
	if (nes_data[Right] == ON){
		buttons[Right] = 'R';
 47c:	82 e5       	ldi	r24, 0x52	; 82
 47e:	88 87       	std	Y+8, r24	; 0x08
 480:	e2 cf       	rjmp	.-60     	; 0x446 <print_nes+0x80>
	}
	if (nes_data[Down] == ON){
		buttons[Down] = 'D';
	}
	if (nes_data[Left] == ON){
		buttons[Left] = 'L';
 482:	8c e4       	ldi	r24, 0x4C	; 76
 484:	8f 83       	std	Y+7, r24	; 0x07
 486:	db cf       	rjmp	.-74     	; 0x43e <print_nes+0x78>
	}
	if (nes_data[Up] == ON){
		buttons[Up] = 'U';
	}
	if (nes_data[Down] == ON){
		buttons[Down] = 'D';
 488:	84 e4       	ldi	r24, 0x44	; 68
 48a:	8e 83       	std	Y+6, r24	; 0x06
 48c:	d4 cf       	rjmp	.-88     	; 0x436 <print_nes+0x70>
	}
	if (nes_data[Select] == ON){
		buttons[Select] = 'L';
	}
	if (nes_data[Up] == ON){
		buttons[Up] = 'U';
 48e:	85 e5       	ldi	r24, 0x55	; 85
 490:	8d 83       	std	Y+5, r24	; 0x05
 492:	cd cf       	rjmp	.-102    	; 0x42e <print_nes+0x68>
	}
	if (nes_data[Start] == ON){
		buttons[Start] = 'S';
	}
	if (nes_data[Select] == ON){
		buttons[Select] = 'L';
 494:	8c e4       	ldi	r24, 0x4C	; 76
 496:	8b 83       	std	Y+3, r24	; 0x03
 498:	c6 cf       	rjmp	.-116    	; 0x426 <print_nes+0x60>
	}
	if (nes_data[Y] == ON){
		buttons[Y] = 'Y';
	}
	if (nes_data[Start] == ON){
		buttons[Start] = 'S';
 49a:	83 e5       	ldi	r24, 0x53	; 83
 49c:	8c 83       	std	Y+4, r24	; 0x04
 49e:	bf cf       	rjmp	.-130    	; 0x41e <print_nes+0x58>
	}
	if (nes_data[X] == ON){
		buttons[X] = 'X';
	}
	if (nes_data[Y] == ON){
		buttons[Y] = 'Y';
 4a0:	89 e5       	ldi	r24, 0x59	; 89
 4a2:	8a 83       	std	Y+2, r24	; 0x02
 4a4:	b8 cf       	rjmp	.-144    	; 0x416 <print_nes+0x50>
	}
	if (nes_data[B] == ON){
		buttons[B] = 'B';
	}
	if (nes_data[X] == ON){
		buttons[X] = 'X';
 4a6:	88 e5       	ldi	r24, 0x58	; 88
 4a8:	8a 87       	std	Y+10, r24	; 0x0a
 4aa:	b0 cf       	rjmp	.-160    	; 0x40c <print_nes+0x46>
	}
	if (nes_data[A] == ON){
		buttons[A] = 'A';
	}
	if (nes_data[B] == ON){
		buttons[B] = 'B';
 4ac:	82 e4       	ldi	r24, 0x42	; 66
 4ae:	89 83       	std	Y+1, r24	; 0x01
 4b0:	a8 cf       	rjmp	.-176    	; 0x402 <print_nes+0x3c>
	int i;
	for (i = 0; i < 16; ++i){
		buttons[i] = '-';
	}
	if (nes_data[A] == ON){
		buttons[A] = 'A';
 4b2:	81 e4       	ldi	r24, 0x41	; 65
 4b4:	89 87       	std	Y+9, r24	; 0x09
 4b6:	a0 cf       	rjmp	.-192    	; 0x3f8 <print_nes+0x32>

000004b8 <spi_init>:
    }
}   

/* Run this code before attempting to write to the LCD.*/
void spi_init(void){
    DDRF |= 0x08;  //port F bit 3 is enable for LCD
 4b8:	e1 e6       	ldi	r30, 0x61	; 97
 4ba:	f0 e0       	ldi	r31, 0x00	; 0
 4bc:	80 81       	ld	r24, Z
 4be:	88 60       	ori	r24, 0x08	; 8
 4c0:	80 83       	st	Z, r24
    PORTB |= 0x00; //port B initalization for SPI
 4c2:	88 b3       	in	r24, 0x18	; 24
 4c4:	88 bb       	out	0x18, r24	; 24
    DDRB |= 0x07;  //Turn on SS, MOSI, SCLK 
 4c6:	87 b3       	in	r24, 0x17	; 23
 4c8:	87 60       	ori	r24, 0x07	; 7
 4ca:	87 bb       	out	0x17, r24	; 23
    //Master mode, Clock=clk/2, Cycle half phase, Low polarity, MSB first  
    SPCR = 0x50;
 4cc:	80 e5       	ldi	r24, 0x50	; 80
 4ce:	8d b9       	out	0x0d, r24	; 13
    SPSR = 0x01;
 4d0:	81 e0       	ldi	r24, 0x01	; 1
 4d2:	8e b9       	out	0x0e, r24	; 14
 4d4:	08 95       	ret

000004d6 <lcd_init>:
	#else
		//round up by default
		__ticks_dc = (uint32_t)(ceil(fabs(__tmp)));
	#endif

	__builtin_avr_delay_cycles(__ticks_dc);
 4d6:	8f e5       	ldi	r24, 0x5F	; 95
 4d8:	9a ee       	ldi	r25, 0xEA	; 234
 4da:	01 97       	sbiw	r24, 0x01	; 1
 4dc:	f1 f7       	brne	.-4      	; 0x4da <lcd_init+0x4>
 4de:	00 c0       	rjmp	.+0      	; 0x4e0 <lcd_init+0xa>
 4e0:	00 00       	nop
 4e2:	23 e0       	ldi	r18, 0x03	; 3
 4e4:	30 e0       	ldi	r19, 0x00	; 0
    //initalize the LCD to receive data
    _delay_ms(15);   
    for(i=0; i<=2; i++){ //do funky initalize sequence 3 times
        SPDR = 0x00;
        while (!(SPSR & 0x80)) {}   // Wait for SPI transfer to complete
        SPDR = 0x30;
 4e6:	90 e3       	ldi	r25, 0x30	; 48
void lcd_init(void){
    int i;
    //initalize the LCD to receive data
    _delay_ms(15);   
    for(i=0; i<=2; i++){ //do funky initalize sequence 3 times
        SPDR = 0x00;
 4e8:	1f b8       	out	0x0f, r1	; 15
        while (!(SPSR & 0x80)) {}   // Wait for SPI transfer to complete
 4ea:	77 9b       	sbis	0x0e, 7	; 14
 4ec:	fe cf       	rjmp	.-4      	; 0x4ea <lcd_init+0x14>
        SPDR = 0x30;
 4ee:	9f b9       	out	0x0f, r25	; 15
        while (!(SPSR & 0x80)) {}   // Wait for SPI transfer to complete
 4f0:	77 9b       	sbis	0x0e, 7	; 14
 4f2:	fe cf       	rjmp	.-4      	; 0x4f0 <lcd_init+0x1a>
        ++i;
    }
}
//twiddles bit 3, PORTF creating the enable signal for the LCD
void strobe_lcd(void){
    PORTF |= 0x08;
 4f4:	80 91 62 00 	lds	r24, 0x0062
 4f8:	88 60       	ori	r24, 0x08	; 8
 4fa:	80 93 62 00 	sts	0x0062, r24
    PORTF &= ~0x08;
 4fe:	80 91 62 00 	lds	r24, 0x0062
 502:	87 7f       	andi	r24, 0xF7	; 247
 504:	80 93 62 00 	sts	0x0062, r24
	#else
		//round up by default
		__ticks_dc = (uint32_t)(ceil(fabs(__tmp)));
	#endif

	__builtin_avr_delay_cycles(__ticks_dc);
 508:	85 ec       	ldi	r24, 0xC5	; 197
 50a:	8a 95       	dec	r24
 50c:	f1 f7       	brne	.-4      	; 0x50a <lcd_init+0x34>
 50e:	00 00       	nop
 510:	21 50       	subi	r18, 0x01	; 1
 512:	31 09       	sbc	r19, r1
//initialize the LCD to receive data
void lcd_init(void){
    int i;
    //initalize the LCD to receive data
    _delay_ms(15);   
    for(i=0; i<=2; i++){ //do funky initalize sequence 3 times
 514:	49 f7       	brne	.-46     	; 0x4e8 <lcd_init+0x12>
        while (!(SPSR & 0x80)) {}   // Wait for SPI transfer to complete
        strobe_lcd();
        _delay_us(37);
    }

    SPDR = 0x00;
 516:	1f b8       	out	0x0f, r1	; 15
    while (!(SPSR & 0x80)) {}   // Wait for SPI transfer to complete
 518:	77 9b       	sbis	0x0e, 7	; 14
 51a:	fe cf       	rjmp	.-4      	; 0x518 <lcd_init+0x42>
    SPDR = 0x38;
 51c:	88 e3       	ldi	r24, 0x38	; 56
 51e:	8f b9       	out	0x0f, r24	; 15
    while (!(SPSR & 0x80)) {}   // Wait for SPI transfer to complete
 520:	77 9b       	sbis	0x0e, 7	; 14
 522:	fe cf       	rjmp	.-4      	; 0x520 <lcd_init+0x4a>
        ++i;
    }
}
//twiddles bit 3, PORTF creating the enable signal for the LCD
void strobe_lcd(void){
    PORTF |= 0x08;
 524:	80 91 62 00 	lds	r24, 0x0062
 528:	88 60       	ori	r24, 0x08	; 8
 52a:	80 93 62 00 	sts	0x0062, r24
    PORTF &= ~0x08;
 52e:	80 91 62 00 	lds	r24, 0x0062
 532:	87 7f       	andi	r24, 0xF7	; 247
 534:	80 93 62 00 	sts	0x0062, r24
 538:	95 ec       	ldi	r25, 0xC5	; 197
 53a:	9a 95       	dec	r25
 53c:	f1 f7       	brne	.-4      	; 0x53a <lcd_init+0x64>
 53e:	00 00       	nop
    SPDR = 0x38;
    while (!(SPSR & 0x80)) {}   // Wait for SPI transfer to complete
    strobe_lcd();
    _delay_us(37);

    SPDR = 0x00;
 540:	1f b8       	out	0x0f, r1	; 15
    while (!(SPSR & 0x80)) {}   // Wait for SPI transfer to complete
 542:	77 9b       	sbis	0x0e, 7	; 14
 544:	fe cf       	rjmp	.-4      	; 0x542 <lcd_init+0x6c>
    SPDR = 0x08;
 546:	88 e0       	ldi	r24, 0x08	; 8
 548:	8f b9       	out	0x0f, r24	; 15
    while (!(SPSR & 0x80)) {}   // Wait for SPI transfer to complete
 54a:	77 9b       	sbis	0x0e, 7	; 14
 54c:	fe cf       	rjmp	.-4      	; 0x54a <lcd_init+0x74>
        ++i;
    }
}
//twiddles bit 3, PORTF creating the enable signal for the LCD
void strobe_lcd(void){
    PORTF |= 0x08;
 54e:	80 91 62 00 	lds	r24, 0x0062
 552:	88 60       	ori	r24, 0x08	; 8
 554:	80 93 62 00 	sts	0x0062, r24
    PORTF &= ~0x08;
 558:	80 91 62 00 	lds	r24, 0x0062
 55c:	87 7f       	andi	r24, 0xF7	; 247
 55e:	80 93 62 00 	sts	0x0062, r24
 562:	85 ec       	ldi	r24, 0xC5	; 197
 564:	8a 95       	dec	r24
 566:	f1 f7       	brne	.-4      	; 0x564 <lcd_init+0x8e>
 568:	00 00       	nop
    SPDR = 0x08;
    while (!(SPSR & 0x80)) {}   // Wait for SPI transfer to complete
    strobe_lcd();
    _delay_us(37);

    SPDR = 0x00;
 56a:	1f b8       	out	0x0f, r1	; 15
    while (!(SPSR & 0x80)) {}   // Wait for SPI transfer to complete
 56c:	77 9b       	sbis	0x0e, 7	; 14
 56e:	fe cf       	rjmp	.-4      	; 0x56c <lcd_init+0x96>
    SPDR = 0x01;
 570:	81 e0       	ldi	r24, 0x01	; 1
 572:	8f b9       	out	0x0f, r24	; 15
    while (!(SPSR & 0x80)) {}   // Wait for SPI transfer to complete
 574:	77 9b       	sbis	0x0e, 7	; 14
 576:	fe cf       	rjmp	.-4      	; 0x574 <lcd_init+0x9e>
        ++i;
    }
}
//twiddles bit 3, PORTF creating the enable signal for the LCD
void strobe_lcd(void){
    PORTF |= 0x08;
 578:	80 91 62 00 	lds	r24, 0x0062
 57c:	88 60       	ori	r24, 0x08	; 8
 57e:	80 93 62 00 	sts	0x0062, r24
    PORTF &= ~0x08;
 582:	80 91 62 00 	lds	r24, 0x0062
 586:	87 7f       	andi	r24, 0xF7	; 247
 588:	80 93 62 00 	sts	0x0062, r24
	#else
		//round up by default
		__ticks_dc = (uint32_t)(ceil(fabs(__tmp)));
	#endif

	__builtin_avr_delay_cycles(__ticks_dc);
 58c:	8f ef       	ldi	r24, 0xFF	; 255
 58e:	98 e1       	ldi	r25, 0x18	; 24
 590:	01 97       	sbiw	r24, 0x01	; 1
 592:	f1 f7       	brne	.-4      	; 0x590 <lcd_init+0xba>
 594:	00 c0       	rjmp	.+0      	; 0x596 <lcd_init+0xc0>
 596:	00 00       	nop
    SPDR = 0x01;
    while (!(SPSR & 0x80)) {}   // Wait for SPI transfer to complete
    strobe_lcd();
    _delay_ms(1.6);

    SPDR = 0x00;
 598:	1f b8       	out	0x0f, r1	; 15
    while (!(SPSR & 0x80)) {}   // Wait for SPI transfer to complete
 59a:	77 9b       	sbis	0x0e, 7	; 14
 59c:	fe cf       	rjmp	.-4      	; 0x59a <lcd_init+0xc4>
    SPDR = 0x06;
 59e:	86 e0       	ldi	r24, 0x06	; 6
 5a0:	8f b9       	out	0x0f, r24	; 15
    while (!(SPSR & 0x80)) {}   // Wait for SPI transfer to complete
 5a2:	77 9b       	sbis	0x0e, 7	; 14
 5a4:	fe cf       	rjmp	.-4      	; 0x5a2 <lcd_init+0xcc>
        ++i;
    }
}
//twiddles bit 3, PORTF creating the enable signal for the LCD
void strobe_lcd(void){
    PORTF |= 0x08;
 5a6:	80 91 62 00 	lds	r24, 0x0062
 5aa:	88 60       	ori	r24, 0x08	; 8
 5ac:	80 93 62 00 	sts	0x0062, r24
    PORTF &= ~0x08;
 5b0:	80 91 62 00 	lds	r24, 0x0062
 5b4:	87 7f       	andi	r24, 0xF7	; 247
 5b6:	80 93 62 00 	sts	0x0062, r24
	#else
		//round up by default
		__ticks_dc = (uint32_t)(ceil(fabs(__tmp)));
	#endif

	__builtin_avr_delay_cycles(__ticks_dc);
 5ba:	95 ec       	ldi	r25, 0xC5	; 197
 5bc:	9a 95       	dec	r25
 5be:	f1 f7       	brne	.-4      	; 0x5bc <lcd_init+0xe6>
 5c0:	00 00       	nop
    SPDR = 0x06;
    while (!(SPSR & 0x80)) {}   // Wait for SPI transfer to complete
    strobe_lcd();
    _delay_us(37);

    SPDR = 0x00;
 5c2:	1f b8       	out	0x0f, r1	; 15
    while (!(SPSR & 0x80)) {}   // Wait for SPI transfer to complete
 5c4:	77 9b       	sbis	0x0e, 7	; 14
 5c6:	fe cf       	rjmp	.-4      	; 0x5c4 <lcd_init+0xee>
    SPDR = 0x0E;
 5c8:	8e e0       	ldi	r24, 0x0E	; 14
 5ca:	8f b9       	out	0x0f, r24	; 15
    while (!(SPSR & 0x80)) {}   // Wait for SPI transfer to complete
 5cc:	77 9b       	sbis	0x0e, 7	; 14
 5ce:	fe cf       	rjmp	.-4      	; 0x5cc <lcd_init+0xf6>
        ++i;
    }
}
//twiddles bit 3, PORTF creating the enable signal for the LCD
void strobe_lcd(void){
    PORTF |= 0x08;
 5d0:	80 91 62 00 	lds	r24, 0x0062
 5d4:	88 60       	ori	r24, 0x08	; 8
 5d6:	80 93 62 00 	sts	0x0062, r24
    PORTF &= ~0x08;
 5da:	80 91 62 00 	lds	r24, 0x0062
 5de:	87 7f       	andi	r24, 0xF7	; 247
 5e0:	80 93 62 00 	sts	0x0062, r24
 5e4:	85 ec       	ldi	r24, 0xC5	; 197
 5e6:	8a 95       	dec	r24
 5e8:	f1 f7       	brne	.-4      	; 0x5e6 <lcd_init+0x110>
 5ea:	00 00       	nop
 5ec:	08 95       	ret

000005ee <main>:
uint8_t temp, read_byte;



int main(void){
	DDRB = 0xFF;		//set PORTB to OUTPUTS
 5ee:	8f ef       	ldi	r24, 0xFF	; 255
 5f0:	87 bb       	out	0x17, r24	; 23
    PORTB = 0x00;		//set all of portb to low
 5f2:	18 ba       	out	0x18, r1	; 24
    //DDRD =0x00;			//Set portD to INPUTS
    //PORTD = 0x00;		//Set all of PORTD to low
    DDRE = 0xFF;		//Set portE to OUTPUTS
 5f4:	82 b9       	out	0x02, r24	; 2
	DDRF &= ~(1 << 0);	// PORTF Pin 1 is input for data
 5f6:	80 91 61 00 	lds	r24, 0x0061
 5fa:	8e 7f       	andi	r24, 0xFE	; 254
 5fc:	80 93 61 00 	sts	0x0061, r24
    }
}   

/* Run this code before attempting to write to the LCD.*/
void spi_init(void){
    DDRF |= 0x08;  //port F bit 3 is enable for LCD
 600:	80 91 61 00 	lds	r24, 0x0061
 604:	88 60       	ori	r24, 0x08	; 8
 606:	80 93 61 00 	sts	0x0061, r24
    PORTB |= 0x00; //port B initalization for SPI
 60a:	88 b3       	in	r24, 0x18	; 24
 60c:	88 bb       	out	0x18, r24	; 24
    DDRB |= 0x07;  //Turn on SS, MOSI, SCLK 
 60e:	87 b3       	in	r24, 0x17	; 23
 610:	87 60       	ori	r24, 0x07	; 7
 612:	87 bb       	out	0x17, r24	; 23
    //Master mode, Clock=clk/2, Cycle half phase, Low polarity, MSB first  
    SPCR = 0x50;
 614:	80 e5       	ldi	r24, 0x50	; 80
 616:	8d b9       	out	0x0d, r24	; 13
    SPSR = 0x01;
 618:	81 e0       	ldi	r24, 0x01	; 1
 61a:	8e b9       	out	0x0e, r24	; 14
    DDRE = 0xFF;		//Set portE to OUTPUTS
	DDRF &= ~(1 << 0);	// PORTF Pin 1 is input for data


    spi_init();
    lcd_init();
 61c:	0e 94 6b 02 	call	0x4d6	; 0x4d6 <lcd_init>
/**************************
*	Initializes uart1 with the given ubrr
***************************/
void USART_Init( unsigned int ubrr ) {
    /* Set baud rate */
    UBRR1H = (unsigned char)(ubrr>>8);
 620:	10 92 98 00 	sts	0x0098, r1
    UBRR1L = (unsigned char)ubrr;
 624:	87 e6       	ldi	r24, 0x67	; 103
 626:	80 93 99 00 	sts	0x0099, r24
    /* Enable receiver and transmitter */ 
    UCSR1B = (1<<RXEN1)|(1<<TXEN1);
 62a:	88 e1       	ldi	r24, 0x18	; 24
 62c:	80 93 9a 00 	sts	0x009A, r24
    /* Set frame format: 9data, 1stop bit */ 
    UCSR1C = UCSR1C = (1 << UCSZ12) | (1 << UCSZ11) | (1 << UCSZ10);
 630:	86 e0       	ldi	r24, 0x06	; 6
 632:	80 93 9d 00 	sts	0x009D, r24
 636:	80 93 9d 00 	sts	0x009D, r24
 63a:	ee e5       	ldi	r30, 0x5E	; 94
 63c:	f1 e0       	ldi	r31, 0x01	; 1
	USART_Init(UBRR);
	int i;
	
	//Initialize the buffer to dashes for printing
    for (i = 0; i < 16; ++i){
        nes_data[i] = '-';
 63e:	8d e2       	ldi	r24, 0x2D	; 45
 640:	81 93       	st	Z+, r24
    lcd_init();
	USART_Init(UBRR);
	int i;
	
	//Initialize the buffer to dashes for printing
    for (i = 0; i < 16; ++i){
 642:	21 e0       	ldi	r18, 0x01	; 1
 644:	ee 36       	cpi	r30, 0x6E	; 110
 646:	f2 07       	cpc	r31, r18
 648:	d9 f7       	brne	.-10     	; 0x640 <main+0x52>
        nes_data[i] = '-';
    }
	//Set the end of the string
	nes_data[16] = '\0';
 64a:	10 92 6e 01 	sts	0x016E, r1

    clear_display();
 64e:	0e 94 d6 00 	call	0x1ac	; 0x1ac <clear_display>
    string2lcd("Starting Program");
 652:	8b e4       	ldi	r24, 0x4B	; 75
 654:	91 e0       	ldi	r25, 0x01	; 1
 656:	0e 94 1c 01 	call	0x238	; 0x238 <string2lcd>
	#else
		//round up by default
		__ticks_dc = (uint32_t)(ceil(fabs(__tmp)));
	#endif

	__builtin_avr_delay_cycles(__ticks_dc);
 65a:	8f ef       	ldi	r24, 0xFF	; 255
 65c:	99 e6       	ldi	r25, 0x69	; 105
 65e:	28 e1       	ldi	r18, 0x18	; 24
 660:	81 50       	subi	r24, 0x01	; 1
 662:	90 40       	sbci	r25, 0x00	; 0
 664:	20 40       	sbci	r18, 0x00	; 0
 666:	e1 f7       	brne	.-8      	; 0x660 <main+0x72>
 668:	00 c0       	rjmp	.+0      	; 0x66a <main+0x7c>
 66a:	00 00       	nop

    _delay_ms(500);
	while(1){
        
		clear_display();
        switch(USART_Receive()){
 66c:	cb e0       	ldi	r28, 0x0B	; 11
 66e:	d0 e0       	ldi	r29, 0x00	; 0
 670:	0b c0       	rjmp	.+22     	; 0x688 <main+0x9a>
				break;
			case A:
				stepUp();
				break;
			default:
                stop();
 672:	0e 94 d5 01 	call	0x3aa	; 0x3aa <stop>
 676:	8f ef       	ldi	r24, 0xFF	; 255
 678:	9d ee       	ldi	r25, 0xED	; 237
 67a:	22 e0       	ldi	r18, 0x02	; 2
 67c:	81 50       	subi	r24, 0x01	; 1
 67e:	90 40       	sbci	r25, 0x00	; 0
 680:	20 40       	sbci	r18, 0x00	; 0
 682:	e1 f7       	brne	.-8      	; 0x67c <main+0x8e>
 684:	00 c0       	rjmp	.+0      	; 0x686 <main+0x98>
 686:	00 00       	nop
    string2lcd("Starting Program");

    _delay_ms(500);
	while(1){
        
		clear_display();
 688:	0e 94 d6 00 	call	0x1ac	; 0x1ac <clear_display>
		clear_display();
		stop();
		_delay_ms(50);
	}
    */
    if (UCSR1A & (1<<RXC)){
 68c:	80 91 9b 00 	lds	r24, 0x009B
 690:	87 ff       	sbrs	r24, 7
 692:	ef cf       	rjmp	.-34     	; 0x672 <main+0x84>
    	/* Get and return received data from buffer */ 
    	return UDR1;
 694:	e0 91 9c 00 	lds	r30, 0x009C

    _delay_ms(500);
	while(1){
        
		clear_display();
        switch(USART_Receive()){
 698:	8e 2f       	mov	r24, r30
 69a:	90 e0       	ldi	r25, 0x00	; 0
 69c:	c8 17       	cp	r28, r24
 69e:	d9 07       	cpc	r29, r25
 6a0:	40 f3       	brcs	.-48     	; 0x672 <main+0x84>
 6a2:	fc 01       	movw	r30, r24
 6a4:	ea 5a       	subi	r30, 0xAA	; 170
 6a6:	fc 4f       	sbci	r31, 0xFC	; 252
 6a8:	0c 94 7d 03 	jmp	0x6fa	; 0x6fa <__tablejump2__>
 6ac:	7a 03       	fmul	r23, r18
 6ae:	77 03       	mulsu	r23, r23
 6b0:	39 03       	fmul	r19, r17
 6b2:	39 03       	fmul	r19, r17
 6b4:	74 03       	mulsu	r23, r20
 6b6:	71 03       	mulsu	r23, r17
 6b8:	6e 03       	fmul	r22, r22
 6ba:	6b 03       	fmul	r22, r19
 6bc:	68 03       	fmul	r22, r16
 6be:	65 03       	mulsu	r22, r21
 6c0:	39 03       	fmul	r19, r17
 6c2:	62 03       	mulsu	r22, r18
                break;
            case Left:
                left();
                break;
            case R:
                fire();
 6c4:	0e 94 95 01 	call	0x32a	; 0x32a <fire>
                break;
 6c8:	d6 cf       	rjmp	.-84     	; 0x676 <main+0x88>
			case X:
				lookUp();
 6ca:	0e 94 7f 01 	call	0x2fe	; 0x2fe <lookUp>
				break;
 6ce:	d3 cf       	rjmp	.-90     	; 0x676 <main+0x88>
				break;
			case Y:
				stepDown();
				break;
			case A:
				stepUp();
 6d0:	0e 94 4b 01 	call	0x296	; 0x296 <stepUp>
				break;
 6d4:	d0 cf       	rjmp	.-96     	; 0x676 <main+0x88>
                break;
            case Down:
                reverse();
                break;
            case Right:
                right();
 6d6:	0e 94 c9 01 	call	0x392	; 0x392 <right>
                break;
 6da:	cd cf       	rjmp	.-102    	; 0x676 <main+0x88>
            case Left:
                left();
 6dc:	0e 94 bd 01 	call	0x37a	; 0x37a <left>
                break;
 6e0:	ca cf       	rjmp	.-108    	; 0x676 <main+0x88>
        switch(USART_Receive()){
            case Up:
                forward();
                break;
            case Down:
                reverse();
 6e2:	0e 94 b1 01 	call	0x362	; 0x362 <reverse>
                break;
 6e6:	c7 cf       	rjmp	.-114    	; 0x676 <main+0x88>
	while(1){
        
		clear_display();
        switch(USART_Receive()){
            case Up:
                forward();
 6e8:	0e 94 a5 01 	call	0x34a	; 0x34a <forward>
                break;
 6ec:	c4 cf       	rjmp	.-120    	; 0x676 <main+0x88>
				break;
			case B:
				lookDown();
				break;
			case Y:
				stepDown();
 6ee:	0e 94 65 01 	call	0x2ca	; 0x2ca <stepDown>
				break;
 6f2:	c1 cf       	rjmp	.-126    	; 0x676 <main+0x88>
                break;
			case X:
				lookUp();
				break;
			case B:
				lookDown();
 6f4:	0e 94 89 01 	call	0x312	; 0x312 <lookDown>
				break;
 6f8:	be cf       	rjmp	.-132    	; 0x676 <main+0x88>

000006fa <__tablejump2__>:
 6fa:	ee 0f       	add	r30, r30
 6fc:	ff 1f       	adc	r31, r31
 6fe:	00 24       	eor	r0, r0
 700:	00 1c       	adc	r0, r0
 702:	0b be       	out	0x3b, r0	; 59
 704:	07 90       	elpm	r0, Z+
 706:	f6 91       	elpm	r31, Z
 708:	e0 2d       	mov	r30, r0
 70a:	09 94       	ijmp

0000070c <_exit>:
 70c:	f8 94       	cli

0000070e <__stop_program>:
 70e:	ff cf       	rjmp	.-2      	; 0x70e <__stop_program>
